#-----------------------------------------------------------
# Webtalk v2020.2 (64-bit)
# SW Build 3064766 on Wed Nov 18 09:12:45 MST 2020
# IP Build 3064653 on Wed Nov 18 14:17:31 MST 2020
# Start of session at: Tue Feb  8 13:26:07 2022
# Process ID: 11552
# Current directory: C:/Users/Leon/Documents/Universidad/3_GIERM/Sist_Electronicos/Proyecto FPGA/Proyecto_Sokoban_V8.0/Proyecto_Sokoban/Proyecto_Sokoban.sim/sim_1/behav/xsim
# Command line: wbtcv.exe -mode batch -source C:/Users/Leon/Documents/Universidad/3_GIERM/Sist_Electronicos/Proyecto FPGA/Proyecto_Sokoban_V8.0/Proyecto_Sokoban/Proyecto_Sokoban.sim/sim_1/behav/xsim/xsim.dir/tb_Top_proyecto_behav/webtalk/xsim_webtalk.tcl -notrace
# Log file: C:/Users/Leon/Documents/Universidad/3_GIERM/Sist_Electronicos/Proyecto FPGA/Proyecto_Sokoban_V8.0/Proyecto_Sokoban/Proyecto_Sokoban.sim/sim_1/behav/xsim/webtalk.log
# Journal file: C:/Users/Leon/Documents/Universidad/3_GIERM/Sist_Electronicos/Proyecto FPGA/Proyecto_Sokoban_V8.0/Proyecto_Sokoban/Proyecto_Sokoban.sim/sim_1/behav/xsim\webtalk.jou
#-----------------------------------------------------------
source C:/Users/Leon/Documents/Universidad/3_GIERM/Sist_Electronicos/Proyecto -notrace
