#-----------------------------------------------------------
# Vivado v2020.2 (64-bit)
# SW Build 3064766 on Wed Nov 18 09:12:45 MST 2020
# IP Build 3064653 on Wed Nov 18 14:17:31 MST 2020
# Start of session at: Sun Feb 20 15:04:28 2022
# Process ID: 11724
# Current directory: C:/Users/Leon/Documents/Universidad/3_GIERM/Sist_Electronicos/ENTREGA_Proyecto_FPGA/Proyecto_FPGA_Sokoban/Proyecto_Sokoban/Proyecto_Sokoban.runs/impl_1
# Command line: vivado.exe -log Top_proyecto.vdi -applog -product Vivado -messageDb vivado.pb -mode batch -source Top_proyecto.tcl -notrace
# Log file: C:/Users/Leon/Documents/Universidad/3_GIERM/Sist_Electronicos/ENTREGA_Proyecto_FPGA/Proyecto_FPGA_Sokoban/Proyecto_Sokoban/Proyecto_Sokoban.runs/impl_1/Top_proyecto.vdi
# Journal file: C:/Users/Leon/Documents/Universidad/3_GIERM/Sist_Electronicos/ENTREGA_Proyecto_FPGA/Proyecto_FPGA_Sokoban/Proyecto_Sokoban/Proyecto_Sokoban.runs/impl_1\vivado.jou
#-----------------------------------------------------------
source Top_proyecto.tcl -notrace
